📆 2025-04-22 15:53:04 - 🔧 Configurazione git di base...
📆 2025-04-22 15:53:04 - ✅ Configurazione git completata
📆 2025-04-22 15:54:19 - 🔧 Configurazione git di base...
📆 2025-04-22 15:54:19 - ✅ Configurazione git completata
📆 2025-04-22 15:54:54 - 🔧 Configurazione git di base...
📆 2025-04-22 15:54:54 - ✅ Configurazione git completata
📆 2025-04-22 15:55:29 - 🔧 Configurazione git di base...
📆 2025-04-22 15:55:29 - ✅ Configurazione git completata
📆 2025-04-22 16:03:53 - 🔧 Configurazione git di base...
📆 2025-04-22 16:03:53 - ✅ Configurazione git completata
📆 2025-04-22 16:06:53 - 🔧 Configurazione git di base...
📆 2025-04-22 16:06:53 - ✅ Configurazione git completata
📆 2025-04-22 16:09:05 - 🔧 Configurazione git di base...
📆 2025-04-22 16:09:05 - ✅ Configurazione git completata
<<<<<<< HEAD
<<<<<<< HEAD
📆 2025-04-22 19:19:18 - 🔧 Configurazione git di base...
📆 2025-04-22 19:19:18 - ✅ Configurazione git completata
<<<<<<< HEAD
=======
>>>>>>> d3c6606 (fix: auto resolve conflict)
=======
📆 2025-04-22 19:19:18 - 🔧 Configurazione git di base...
📆 2025-04-22 19:19:18 - ✅ Configurazione git completata
>>>>>>> 86feb56 (fix: auto resolve conflict)
=======
📆 2025-04-22 21:10:14 - 🔧 Configurazione git di base...
📆 2025-04-22 21:10:14 - ✅ Configurazione git completata
<<<<<<< HEAD
>>>>>>> 2b09053 (.)
=======
[0;34mℹ️ [2025-04-23 08:30:55] Configurazione avanzata git...[0m
[0;32m✅ [2025-04-23 08:30:55] Configurazione git completata con successo[0m
>>>>>>> 8877b16 (.)
